Initialized native services in: C:\Users\CostB\.gradle\native
Initialized jansi services in: C:\Users\CostB\.gradle\native
Received JVM installation metadata from 'C:\Program Files\Android\Android Studio\jbr': {JAVA_HOME=C:\Program Files\Android\Android Studio\jbr, JAVA_VERSION=21.0.8, JAVA_VENDOR=JetBrains s.r.o., RUNTIME_NAME=OpenJDK Runtime Environment, RUNTIME_VERSION=21.0.8+-14196175-b1038.72, VM_NAME=OpenJDK 64-Bit Server VM, VM_VERSION=21.0.8+-14196175-b1038.72, VM_VENDOR=JetBrains s.r.o., OS_ARCH=amd64}
The client will now receive all logging from the daemon (pid: 53144). The daemon log file: C:\Users\CostB\.gradle\daemon\8.5\daemon-53144.out.log
Starting 6th build in daemon [uptime: 15 mins 51.445 secs, performance: 99%, GC rate: 0.00/s, heap usage: 0% of 2 GiB]
Using 16 worker leases.
Now considering [D:\Erl-Project\WebDAVToon] as hierarchies to watch
Watching the file system is configured to be enabled if available
File system watching is active
Starting Build
Settings evaluated using settings file 'D:\Erl-Project\WebDAVToon\settings.gradle.kts'.
Projects loaded. Root project using build file 'D:\Erl-Project\WebDAVToon\build.gradle.kts'.
Included projects: [root project 'WebDAVToon', project ':app']

> Configure project :
Evaluating root project 'WebDAVToon' using build file 'D:\Erl-Project\WebDAVToon\build.gradle.kts'.

> Configure project :app
Evaluating project ':app' using build file 'D:\Erl-Project\WebDAVToon\app\build.gradle.kts'.
Using default execution profile
Using Kotlin Gradle Plugin gradle82 variant
Caching disabled for Kotlin DSL accessors for project ':app' because:
  Build cache is disabled
Skipping Kotlin DSL accessors for project ':app' as it is up-to-date.
Caching disabled for Kotlin DSL script compilation (Project/TopLevel/stage2) because:
  Build cache is disabled
Kotlin DSL script compilation (Project/TopLevel/stage2) is not up-to-date because:
  Task has failed previously.
./gradlew.bat : e: file:///D:/Erl-Project/WebDAVTo
on/app/build.gradle.kts:36:35: Unresolved referenc
e: util
所在位置 行:1 字符: 167
+ ... $env:PATH"; ./gradlew.bat :app:assembleRelea
se --stacktrace --info 2> ...
+                 ~~~~~~~~~~~~~~~~~~~~~~~~~~~~~~~~
~~~~~~~~~~~~~~~~~~~~~~~~~
    + CategoryInfo          : NotSpecified: (e: f 
   ile:///D:/E...reference: util:String) [], Rem  
  oteException
    + FullyQualifiedErrorId : NativeCommandError
 

FAILURE: Build completed with 2 failures.

1: Task failed with an exception.
-----------
* Where:
Build file 'D:\Erl-Project\WebDAVToon\app\build.gr
adle.kts' line: 36

* What went wrong:
Script compilation error:

  Line 36:             val properties = java.util.
Properties()
                                             ^ Unr
esolved reference: util

1 error

* Try:
> Run with --debug option to get more log output.
> Run with --scan to get full insights.
> Get more help at https://help.gradle.org.

* Exception is:
ScriptCompilationException(scriptCompilationErrors
=[ScriptCompilationError(message=Unresolved refere
nce: util, location=C:\Users\CostB\.gradle\.tmp\gr
adle-kotlin-dsl-11271146386881666241.tmp\build.gra
dle.kts (36:35))])
	at org.gradle.kotlin.dsl.support.KotlinCompilerKt
.compileKotlinScriptModuleTo(KotlinCompiler.kt:190
)
	at org.gradle.kotlin.dsl.support.KotlinCompilerKt
.compileKotlinScriptToDirectory(KotlinCompiler.kt:
148)
	at org.gradle.kotlin.dsl.execution.ResidualProgra
mCompiler$compileScript$1.invoke(ResidualProgramCo
mpiler.kt:710)
	at org.gradle.kotlin.dsl.execution.ResidualProgra
mCompiler$compileScript$1.invoke(ResidualProgramCo
mpiler.kt:709)
	at org.gradle.kotlin.dsl.provider.StandardKotlinS
criptEvaluator$InterpreterHost$runCompileBuildOper
ation$1.call(KotlinScriptEvaluator.kt:183)
	at org.gradle.kotlin.dsl.provider.StandardKotlinS
criptEvaluator$InterpreterHost$runCompileBuildOper
ation$1.call(KotlinScriptEvaluator.kt:180)
	at org.gradle.internal.operations.DefaultBuildOpe
rationRunner$CallableBuildOperationWorker.execute(
DefaultBuildOperationRunner.java:204)
	at org.gradle.internal.operations.DefaultBuildOpe
rationRunner$CallableBuildOperationWorker.execute(
DefaultBuildOperationRunner.java:199)
	at org.gradle.internal.operations.DefaultBuildOpe
rationRunner$2.execute(DefaultBuildOperationRunner
.java:66)
	at org.gradle.internal.operations.DefaultBuildOpe
rationRunner$2.execute(DefaultBuildOperationRunner
.java:59)
	at org.gradle.internal.operations.DefaultBuildOpe
rationRunner.execute(DefaultBuildOperationRunner.j
ava:157)
	at org.gradle.internal.operations.DefaultBuildOpe
rationRunner.execute(DefaultBuildOperationRunner.j
ava:59)
	at org.gradle.internal.operations.DefaultBuildOpe
rationRunner.call(DefaultBuildOperationRunner.java
:53)
	at org.gradle.internal.operations.DefaultBuildOpe
rationExecutor.call(DefaultBuildOperationExecutor.
java:73)
	at org.gradle.kotlin.dsl.provider.StandardKotlinS
criptEvaluator$InterpreterHost.runCompileBuildOper
ation(KotlinScriptEvaluator.kt:180)
	at org.gradle.kotlin.dsl.execution.Interpreter$Pr
ogramHost$compileSecondStageOf$cacheDir$1$1$1$1$1.
invoke(Interpreter.kt:490)
	at org.gradle.kotlin.dsl.execution.Interpreter$Pr
ogramHost$compileSecondStageOf$cacheDir$1$1$1$1$1.
invoke(Interpreter.kt:490)
	at org.gradle.kotlin.dsl.execution.ResidualProgra
mCompiler.compileScript-C5AE47M(ResidualProgramCom
piler.kt:709)
	at org.gradle.kotlin.dsl.execution.ResidualProgra
mCompiler.compileScript-C5AE47M$default(ResidualPr
ogramCompiler.kt:702)
	at org.gradle.kotlin.dsl.execution.ResidualProgra
mCompiler.emitStage2ProgramFor(ResidualProgramComp
iler.kt:363)
	at org.gradle.kotlin.dsl.execution.Interpreter$Pr
ogramHost$compileSecondStageOf$cacheDir$1.invoke(I
nterpreter.kt:491)
	at org.gradle.kotlin.dsl.execution.Interpreter$Pr
ogramHost$compileSecondStageOf$cacheDir$1.invoke(I
nterpreter.kt:467)
	at org.gradle.kotlin.dsl.provider.CompileKotlinSc
ript.execute(KotlinScriptEvaluator.kt:411)
	at org.gradle.internal.execution.steps.ExecuteSte
p.executeInternal(ExecuteStep.java:105)
	at org.gradle.internal.execution.steps.ExecuteSte
p.access$000(ExecuteStep.java:44)
	at org.gradle.internal.execution.steps.ExecuteSte
p$1.call(ExecuteStep.java:59)
	at org.gradle.internal.execution.steps.ExecuteSte
p$1.call(ExecuteStep.java:56)
	at org.gradle.internal.operations.DefaultBuildOpe
rationRunner$CallableBuildOperationWorker.execute(
DefaultBuildOperationRunner.java:204)
	at org.gradle.internal.operations.DefaultBuildOpe
rationRunner$CallableBuildOperationWorker.execute(
DefaultBuildOperationRunner.java:199)
	at org.gradle.internal.operations.DefaultBuildOpe
rationRunner$2.execute(DefaultBuildOperationRunner
.java:66)
	at org.gradle.internal.operations.DefaultBuildOpe
rationRunner$2.execute(DefaultBuildOperationRunner
.java:59)
	at org.gradle.internal.operations.DefaultBuildOpe
rationRunner.execute(DefaultBuildOperationRunner.j
ava:157)
	at org.gradle.internal.operations.DefaultBuildOpe
rationRunner.execute(DefaultBuildOperationRunner.j
ava:59)
	at org.gradle.internal.operations.DefaultBuildOpe
rationRunner.call(DefaultBuildOperationRunner.java
:53)
	at org.gradle.internal.operations.DefaultBuildOpe
rationExecutor.call(DefaultBuildOperationExecutor.
java:73)
	at org.gradle.internal.execution.steps.ExecuteSte
p.execute(ExecuteStep.java:56)
	at org.gradle.internal.execution.steps.ExecuteSte
p.execute(ExecuteStep.java:44)
	at org.gradle.internal.execution.steps.RemovePrev
iousOutputsStep.execute(RemovePreviousOutputsStep.
java:67)
	at org.gradle.internal.execution.steps.RemovePrev
iousOutputsStep.execute(RemovePreviousOutputsStep.
java:37)
	at org.gradle.internal.execution.steps.CancelExec
utionStep.execute(CancelExecutionStep.java:41)
	at org.gradle.internal.execution.steps.TimeoutSte
p.executeWithoutTimeout(TimeoutStep.java:74)
	at org.gradle.internal.execution.steps.TimeoutSte
p.execute(TimeoutStep.java:55)
	at org.gradle.internal.execution.steps.CreateOutp
utsStep.execute(CreateOutputsStep.java:50)
	at org.gradle.internal.execution.steps.CreateOutp
utsStep.execute(CreateOutputsStep.java:28)
	at org.gradle.internal.execution.steps.CaptureSta
teAfterExecutionStep.executeDelegateBroadcastingCh
anges(CaptureStateAfterExecutionStep.java:100)
	at org.gradle.internal.execution.steps.CaptureSta
teAfterExecutionStep.execute(CaptureStateAfterExec
utionStep.java:72)
	at org.gradle.internal.execution.steps.CaptureSta
teAfterExecutionStep.execute(CaptureStateAfterExec
utionStep.java:50)
	at org.gradle.internal.execution.steps.ResolveInp
utChangesStep.execute(ResolveInputChangesStep.java
:40)
	at org.gradle.internal.execution.steps.ResolveInp
utChangesStep.execute(ResolveInputChangesStep.java
:29)
	at org.gradle.internal.execution.steps.BuildCache
Step.executeWithoutCache(BuildCacheStep.java:179)
	at org.gradle.internal.execution.steps.BuildCache
Step.lambda$execute$1(BuildCacheStep.java:70)
	at org.gradle.internal.Either$Right.fold(Either.j
ava:175)
	at org.gradle.internal.execution.caching.CachingS
tate.fold(CachingState.java:59)
	at org.gradle.internal.execution.steps.BuildCache
Step.execute(BuildCacheStep.java:68)
	at org.gradle.internal.execution.steps.BuildCache
Step.execute(BuildCacheStep.java:46)
	at org.gradle.internal.execution.steps.StoreExecu
tionStateStep.execute(StoreExecutionStateStep.java
:36)
	at org.gradle.internal.execution.steps.StoreExecu
tionStateStep.execute(StoreExecutionStateStep.java
:25)
	at org.gradle.internal.execution.steps.RecordOutp
utsStep.execute(RecordOutputsStep.java:36)
	at org.gradle.internal.execution.steps.RecordOutp
utsStep.execute(RecordOutputsStep.java:22)
	at org.gradle.internal.execution.steps.SkipUpToDa
teStep.executeBecause(SkipUpToDateStep.java:91)
	at org.gradle.internal.execution.steps.SkipUpToDa
teStep.lambda$execute$2(SkipUpToDateStep.java:55)
	at org.gradle.internal.execution.steps.SkipUpToDa
teStep.execute(SkipUpToDateStep.java:55)
	at org.gradle.internal.execution.steps.SkipUpToDa
teStep.execute(SkipUpToDateStep.java:37)
	at org.gradle.internal.execution.steps.ResolveCha
ngesStep.execute(ResolveChangesStep.java:65)
	at org.gradle.internal.execution.steps.ResolveCha
ngesStep.execute(ResolveChangesStep.java:36)
	at org.gradle.internal.execution.steps.legacy.Mar
kSnapshottingInputsFinishedStep.execute(MarkSnapsh
ottingInputsFinishedStep.java:37)
	at org.gradle.internal.execution.steps.legacy.Mar
kSnapshottingInputsFinishedStep.execute(MarkSnapsh
ottingInputsFinishedStep.java:27)
	at org.gradle.internal.execution.steps.ResolveCac
hingStateStep.execute(ResolveCachingStateStep.java
:76)
	at org.gradle.internal.execution.steps.ResolveCac
hingStateStep.execute(ResolveCachingStateStep.java
:37)
	at org.gradle.internal.execution.steps.ValidateSt
ep.execute(ValidateStep.java:108)
	at org.gradle.internal.execution.steps.ValidateSt
ep.execute(ValidateStep.java:55)
	at org.gradle.internal.execution.steps.CaptureSta
teBeforeExecutionStep.execute(CaptureStateBeforeEx
ecutionStep.java:71)
	at org.gradle.internal.execution.steps.CaptureSta
teBeforeExecutionStep.execute(CaptureStateBeforeEx
ecutionStep.java:45)
	at org.gradle.internal.execution.steps.SkipEmptyW
orkStep.executeWithNonEmptySources(SkipEmptyWorkSt
ep.java:177)
	at org.gradle.internal.execution.steps.SkipEmptyW
orkStep.execute(SkipEmptyWorkStep.java:81)
	at org.gradle.internal.execution.steps.SkipEmptyW
orkStep.execute(SkipEmptyWorkStep.java:53)
	at org.gradle.internal.execution.steps.RemoveUntr
ackedExecutionStateStep.execute(RemoveUntrackedExe
cutionStateStep.java:32)
	at org.gradle.internal.execution.steps.RemoveUntr
ackedExecutionStateStep.execute(RemoveUntrackedExe
cutionStateStep.java:21)
	at org.gradle.internal.execution.steps.legacy.Mar
kSnapshottingInputsStartedStep.execute(MarkSnapsho
ttingInputsStartedStep.java:38)
	at org.gradle.internal.execution.steps.LoadPrevio
usExecutionStateStep.execute(LoadPreviousExecution
StateStep.java:36)
	at org.gradle.internal.execution.steps.LoadPrevio
usExecutionStateStep.execute(LoadPreviousExecution
StateStep.java:23)
	at org.gradle.internal.execution.steps.CleanupSta
leOutputsStep.execute(CleanupStaleOutputsStep.java
:75)
	at org.gradle.internal.execution.steps.CleanupSta
leOutputsStep.execute(CleanupStaleOutputsStep.java
:41)
	at org.gradle.internal.execution.steps.ExecuteWor
kBuildOperationFiringStep.lambda$execute$2(Execute
WorkBuildOperationFiringStep.java:66)
	at org.gradle.internal.execution.steps.ExecuteWor
kBuildOperationFiringStep.execute(ExecuteWorkBuild
OperationFiringStep.java:66)
	at org.gradle.internal.execution.steps.ExecuteWor
kBuildOperationFiringStep.execute(ExecuteWorkBuild
OperationFiringStep.java:38)
	at org.gradle.internal.execution.steps.AssignWork
spaceStep.lambda$execute$0(AssignWorkspaceStep.jav
a:32)
	at org.gradle.internal.execution.workspace.impl.D
efaultImmutableWorkspaceProvider.lambda$withWorksp
ace$3(DefaultImmutableWorkspaceProvider.java:140)
	at org.gradle.cache.internal.LockOnDemandCrossPro
cessCacheAccess.withFileLock(LockOnDemandCrossProc
essCacheAccess.java:90)
	at org.gradle.cache.internal.DefaultCacheCoordina
tor.withFileLock(DefaultCacheCoordinator.java:219)
	at org.gradle.cache.internal.DefaultPersistentDir
ectoryStore.withFileLock(DefaultPersistentDirector
yStore.java:179)
	at org.gradle.cache.internal.DefaultCacheFactory$
ReferenceTrackingCache.withFileLock(DefaultCacheFa
ctory.java:214)
	at org.gradle.internal.execution.workspace.impl.D
efaultImmutableWorkspaceProvider.withWorkspace(Def
aultImmutableWorkspaceProvider.java:137)
	at org.gradle.kotlin.dsl.cache.KotlinDslWorkspace
Provider$subWorkspace$1.withWorkspace(KotlinDslWor
kspaceProvider.kt:63)
	at org.gradle.internal.execution.steps.AssignWork
spaceStep.execute(AssignWorkspaceStep.java:30)
	at org.gradle.internal.execution.steps.AssignWork
spaceStep.execute(AssignWorkspaceStep.java:21)
	at org.gradle.internal.execution.steps.IdentityCa
cheStep.execute(IdentityCacheStep.java:37)
	at org.gradle.internal.execution.steps.IdentityCa
cheStep.execute(IdentityCacheStep.java:27)
	at org.gradle.internal.execution.steps.IdentifySt
ep.execute(IdentifyStep.java:47)
	at org.gradle.internal.execution.steps.IdentifySt
ep.execute(IdentifyStep.java:34)
	at org.gradle.internal.execution.impl.DefaultExec
utionEngine$1.execute(DefaultExecutionEngine.java:
64)
	at org.gradle.kotlin.dsl.provider.StandardKotlinS
criptEvaluator$InterpreterHost.cachedDirFor(Kotlin
ScriptEvaluator.kt:271)
	at org.gradle.kotlin.dsl.execution.Interpreter$Pr
ogramHost.compileSecondStageOf(Interpreter.kt:467)
	at Program.loadSecondStageFor(Unknown Source)
	at org.gradle.kotlin.dsl.execution.Interpreter$Pr
ogramHost.evaluateSecondStageOf(Interpreter.kt:431
)
	at Program.execute(Unknown Source)
	at org.gradle.kotlin.dsl.execution.Interpreter$Pr
ogramHost.eval(Interpreter.kt:514)
	at org.gradle.kotlin.dsl.execution.Interpreter.ev
al(Interpreter.kt:193)
	at org.gradle.kotlin.dsl.provider.StandardKotlinS
criptEvaluator.evaluate(KotlinScriptEvaluator.kt:1
22)
	at org.gradle.kotlin.dsl.provider.KotlinScriptPlu
ginFactory$create$1.invoke(KotlinScriptPluginFacto
ry.kt:51)
	at org.gradle.kotlin.dsl.provider.KotlinScriptPlu
ginFactory$create$1.invoke(KotlinScriptPluginFacto
ry.kt:48)
	at org.gradle.kotlin.dsl.provider.KotlinScriptPlu
gin.apply(KotlinScriptPlugin.kt:35)
	at org.gradle.configuration.BuildOperationScriptP
lugin$1.run(BuildOperationScriptPlugin.java:68)
	at org.gradle.internal.operations.DefaultBuildOpe
rationRunner$1.execute(DefaultBuildOperationRunner
.java:29)
	at org.gradle.internal.operations.DefaultBuildOpe
rationRunner$1.execute(DefaultBuildOperationRunner
.java:26)
	at org.gradle.internal.operations.DefaultBuildOpe
rationRunner$2.execute(DefaultBuildOperationRunner
.java:66)
	at org.gradle.internal.operations.DefaultBuildOpe
rationRunner$2.execute(DefaultBuildOperationRunner
.java:59)
	at org.gradle.internal.operations.DefaultBuildOpe
rationRunner.execute(DefaultBuildOperationRunner.j
ava:157)
	at org.gradle.internal.operations.DefaultBuildOpe
rationRunner.execute(DefaultBuildOperationRunner.j
ava:59)
	at org.gradle.internal.operations.DefaultBuildOpe
rationRunner.run(DefaultBuildOperationRunner.java:
47)
	at org.gradle.internal.operations.DefaultBuildOpe
rationExecutor.run(DefaultBuildOperationExecutor.j
ava:68)
	at org.gradle.configuration.BuildOperationScriptP
lugin.lambda$apply$0(BuildOperationScriptPlugin.ja
va:65)
	at org.gradle.internal.code.DefaultUserCodeApplic
ationContext.apply(DefaultUserCodeApplicationConte
xt.java:43)
	at org.gradle.configuration.BuildOperationScriptP
lugin.apply(BuildOperationScriptPlugin.java:65)
	at org.gradle.api.internal.project.DefaultProject
StateRegistry$ProjectStateImpl.lambda$applyToMutab
leState$1(DefaultProjectStateRegistry.java:406)
	at org.gradle.api.internal.project.DefaultProject
StateRegistry$ProjectStateImpl.fromMutableState(De
faultProjectStateRegistry.java:424)
	at org.gradle.api.internal.project.DefaultProject
StateRegistry$ProjectStateImpl.applyToMutableState
(DefaultProjectStateRegistry.java:405)
	at org.gradle.configuration.project.BuildScriptPr
ocessor.execute(BuildScriptProcessor.java:46)
	at org.gradle.configuration.project.BuildScriptPr
ocessor.execute(BuildScriptProcessor.java:27)
	at org.gradle.configuration.project.ConfigureActi
onsProjectEvaluator.evaluate(ConfigureActionsProje
ctEvaluator.java:35)
	at org.gradle.configuration.project.LifecycleProj
ectEvaluator$EvaluateProject.lambda$run$0(Lifecycl
eProjectEvaluator.java:109)
	at org.gradle.api.internal.project.DefaultProject
StateRegistry$ProjectStateImpl.lambda$applyToMutab
leState$1(DefaultProjectStateRegistry.java:406)
	at org.gradle.api.internal.project.DefaultProject
StateRegistry$ProjectStateImpl.lambda$fromMutableS
tate$2(DefaultProjectStateRegistry.java:429)
	at org.gradle.internal.work.DefaultWorkerLeaseSer
vice.withReplacedLocks(DefaultWorkerLeaseService.j
ava:360)
	at org.gradle.api.internal.project.DefaultProject
StateRegistry$ProjectStateImpl.fromMutableState(De
faultProjectStateRegistry.java:429)
	at org.gradle.api.internal.project.DefaultProject
StateRegistry$ProjectStateImpl.applyToMutableState
(DefaultProjectStateRegistry.java:405)
	at org.gradle.configuration.project.LifecycleProj
ectEvaluator$EvaluateProject.run(LifecycleProjectE
valuator.java:100)
	at org.gradle.internal.operations.DefaultBuildOpe
rationRunner$1.execute(DefaultBuildOperationRunner
.java:29)
	at org.gradle.internal.operations.DefaultBuildOpe
rationRunner$1.execute(DefaultBuildOperationRunner
.java:26)
	at org.gradle.internal.operations.DefaultBuildOpe
rationRunner$2.execute(DefaultBuildOperationRunner
.java:66)
	at org.gradle.internal.operations.DefaultBuildOpe
rationRunner$2.execute(DefaultBuildOperationRunner
.java:59)
	at org.gradle.internal.operations.DefaultBuildOpe
rationRunner.execute(DefaultBuildOperationRunner.j
ava:157)
	at org.gradle.internal.operations.DefaultBuildOpe
rationRunner.execute(DefaultBuildOperationRunner.j
ava:59)
	at org.gradle.internal.operations.DefaultBuildOpe
rationRunner.run(DefaultBuildOperationRunner.java:
47)
	at org.gradle.internal.operations.DefaultBuildOpe
rationExecutor.run(DefaultBuildOperationExecutor.j
ava:68)
	at org.gradle.configuration.project.LifecycleProj
ectEvaluator.evaluate(LifecycleProjectEvaluator.ja
va:72)
	at org.gradle.api.internal.project.DefaultProject
.evaluate(DefaultProject.java:790)
	at org.gradle.api.internal.project.DefaultProject
.evaluate(DefaultProject.java:156)
	at org.gradle.api.internal.project.ProjectLifecyc
leController.lambda$ensureSelfConfigured$2(Project
LifecycleController.java:84)
	at org.gradle.internal.model.StateTransitionContr
oller.lambda$doTransition$14(StateTransitionContro
ller.java:255)
	at org.gradle.internal.model.StateTransitionContr
oller.doTransition(StateTransitionController.java:
266)
	at org.gradle.internal.model.StateTransitionContr
oller.doTransition(StateTransitionController.java:
254)
	at org.gradle.internal.model.StateTransitionContr
oller.lambda$maybeTransitionIfNotCurrentlyTransiti
oning$10(StateTransitionController.java:199)
	at org.gradle.internal.work.DefaultSynchronizer.w
ithLock(DefaultSynchronizer.java:34)
	at org.gradle.internal.model.StateTransitionContr
oller.maybeTransitionIfNotCurrentlyTransitioning(S
tateTransitionController.java:195)
	at org.gradle.api.internal.project.ProjectLifecyc
leController.ensureSelfConfigured(ProjectLifecycle
Controller.java:84)
	at org.gradle.api.internal.project.DefaultProject
StateRegistry$ProjectStateImpl.ensureConfigured(De
faultProjectStateRegistry.java:380)
	at org.gradle.execution.TaskPathProjectEvaluator.
configure(TaskPathProjectEvaluator.java:34)
	at org.gradle.execution.TaskPathProjectEvaluator.
configureHierarchy(TaskPathProjectEvaluator.java:5
0)
	at org.gradle.configuration.DefaultProjectsPrepar
er.prepareProjects(DefaultProjectsPreparer.java:42
)
	at org.gradle.configuration.BuildTreePreparingPro
jectsPreparer.prepareProjects(BuildTreePreparingPr
ojectsPreparer.java:65)
	at org.gradle.configuration.BuildOperationFiringP
rojectsPreparer$ConfigureBuild.run(BuildOperationF
iringProjectsPreparer.java:52)
	at org.gradle.internal.operations.DefaultBuildOpe
rationRunner$1.execute(DefaultBuildOperationRunner
.java:29)
	at org.gradle.internal.operations.DefaultBuildOpe
rationRunner$1.execute(DefaultBuildOperationRunner
.java:26)
	at org.gradle.internal.operations.DefaultBuildOpe
rationRunner$2.execute(DefaultBuildOperationRunner
.java:66)
	at org.gradle.internal.operations.DefaultBuildOpe
rationRunner$2.execute(DefaultBuildOperationRunner
.java:59)
	at org.gradle.internal.operations.DefaultBuildOpe
rationRunner.execute(DefaultBuildOperationRunner.j
ava:157)
	at org.gradle.internal.operations.DefaultBuildOpe
rationRunner.execute(DefaultBuildOperationRunner.j
ava:59)
	at org.gradle.internal.operations.DefaultBuildOpe
rationRunner.run(DefaultBuildOperationRunner.java:
47)
	at org.gradle.internal.operations.DefaultBuildOpe
rationExecutor.run(DefaultBuildOperationExecutor.j
ava:68)
	at org.gradle.configuration.BuildOperationFiringP
rojectsPreparer.prepareProjects(BuildOperationFiri
ngProjectsPreparer.java:40)
	at org.gradle.initialization.VintageBuildModelCon
troller.lambda$prepareProjects$2(VintageBuildModel
Controller.java:84)
	at org.gradle.internal.model.StateTransitionContr
oller.lambda$doTransition$14(StateTransitionContro
ller.java:255)
	at org.gradle.internal.model.StateTransitionContr
oller.doTransition(StateTransitionController.java:
266)
	at org.gradle.internal.model.StateTransitionContr
oller.doTransition(StateTransitionController.java:
254)
	at org.gradle.internal.model.StateTransitionContr
oller.lambda$transitionIfNotPreviously$11(StateTra
nsitionController.java:213)
	at org.gradle.internal.work.DefaultSynchronizer.w
ithLock(DefaultSynchronizer.java:34)
	at org.gradle.internal.model.StateTransitionContr
oller.transitionIfNotPreviously(StateTransitionCon
troller.java:209)
	at org.gradle.initialization.VintageBuildModelCon
troller.prepareProjects(VintageBuildModelControlle
r.java:84)
	at org.gradle.initialization.VintageBuildModelCon
troller.prepareToScheduleTasks(VintageBuildModelCo
ntroller.java:71)
	at org.gradle.internal.build.DefaultBuildLifecycl
eController.lambda$prepareToScheduleTasks$6(Defaul
tBuildLifecycleController.java:175)
	at org.gradle.internal.model.StateTransitionContr
oller.lambda$doTransition$14(StateTransitionContro
ller.java:255)
	at org.gradle.internal.model.StateTransitionContr
oller.doTransition(StateTransitionController.java:
266)
	at org.gradle.internal.model.StateTransitionContr
oller.doTransition(StateTransitionController.java:
254)
	at org.gradle.internal.model.StateTransitionContr
oller.lambda$maybeTransition$9(StateTransitionCont
roller.java:190)
	at org.gradle.internal.work.DefaultSynchronizer.w
ithLock(DefaultSynchronizer.java:34)
	at org.gradle.internal.model.StateTransitionContr
oller.maybeTransition(StateTransitionController.ja
va:186)
	at org.gradle.internal.build.DefaultBuildLifecycl
eController.prepareToScheduleTasks(DefaultBuildLif
ecycleController.java:173)
	at org.gradle.internal.buildtree.DefaultBuildTree
WorkPreparer.scheduleRequestedTasks(DefaultBuildTr
eeWorkPreparer.java:36)
	at org.gradle.configurationcache.VintageBuildTree
WorkController$scheduleAndRunRequestedTasks$1.appl
y(VintageBuildTreeWorkController.kt:36)
	at org.gradle.configurationcache.VintageBuildTree
WorkController$scheduleAndRunRequestedTasks$1.appl
y(VintageBuildTreeWorkController.kt:35)
	at org.gradle.composite.internal.DefaultIncludedB
uildTaskGraph.withNewWorkGraph(DefaultIncludedBuil
dTaskGraph.java:112)
	at org.gradle.configurationcache.VintageBuildTree
WorkController.scheduleAndRunRequestedTasks(Vintag
eBuildTreeWorkController.kt:35)
	at org.gradle.internal.buildtree.DefaultBuildTree
LifecycleController.lambda$scheduleAndRunTasks$1(D
efaultBuildTreeLifecycleController.java:76)
	at org.gradle.internal.buildtree.DefaultBuildTree
LifecycleController.lambda$runBuild$4(DefaultBuild
TreeLifecycleController.java:119)
	at org.gradle.internal.model.StateTransitionContr
oller.lambda$transition$6(StateTransitionControlle
r.java:169)
	at org.gradle.internal.model.StateTransitionContr
oller.doTransition(StateTransitionController.java:
266)
	at org.gradle.internal.model.StateTransitionContr
oller.lambda$transition$7(StateTransitionControlle
r.java:169)
	at org.gradle.internal.work.DefaultSynchronizer.w
ithLock(DefaultSynchronizer.java:44)
	at org.gradle.internal.model.StateTransitionContr
oller.transition(StateTransitionController.java:16
9)
	at org.gradle.internal.buildtree.DefaultBuildTree
LifecycleController.runBuild(DefaultBuildTreeLifec
ycleController.java:116)
	at org.gradle.internal.buildtree.DefaultBuildTree
LifecycleController.scheduleAndRunTasks(DefaultBui
ldTreeLifecycleController.java:76)
	at org.gradle.internal.buildtree.DefaultBuildTree
LifecycleController.scheduleAndRunTasks(DefaultBui
ldTreeLifecycleController.java:71)
	at org.gradle.tooling.internal.provider.ExecuteBu
ildActionRunner.run(ExecuteBuildActionRunner.java:
31)
	at org.gradle.launcher.exec.ChainingBuildActionRu
nner.run(ChainingBuildActionRunner.java:35)
	at org.gradle.internal.buildtree.ProblemReporting
BuildActionRunner.run(ProblemReportingBuildActionR
unner.java:49)
	at org.gradle.launcher.exec.BuildOutcomeReporting
BuildActionRunner.run(BuildOutcomeReportingBuildAc
tionRunner.java:65)
	at org.gradle.tooling.internal.provider.FileSyste
mWatchingBuildActionRunner.run(FileSystemWatchingB
uildActionRunner.java:140)
	at org.gradle.launcher.exec.BuildCompletionNotify
ingBuildActionRunner.run(BuildCompletionNotifyingB
uildActionRunner.java:41)
	at org.gradle.launcher.exec.RootBuildLifecycleBui
ldActionExecutor.lambda$execute$0(RootBuildLifecyc
leBuildActionExecutor.java:40)
	at org.gradle.composite.internal.DefaultRootBuild
State.run(DefaultRootBuildState.java:123)
	at org.gradle.launcher.exec.RootBuildLifecycleBui
ldActionExecutor.execute(RootBuildLifecycleBuildAc
tionExecutor.java:40)
	at org.gradle.internal.buildtree.InitDeprecationL
oggingActionExecutor.execute(InitDeprecationLoggin
gActionExecutor.java:62)
	at org.gradle.internal.buildtree.InitProblems.exe
cute(InitProblems.java:38)
	at org.gradle.internal.buildtree.DefaultBuildTree
Context.execute(DefaultBuildTreeContext.java:40)
	at org.gradle.launcher.exec.BuildTreeLifecycleBui
ldActionExecutor.lambda$execute$0(BuildTreeLifecyc
leBuildActionExecutor.java:58)
	at org.gradle.internal.buildtree.BuildTreeState.r
un(BuildTreeState.java:58)
	at org.gradle.launcher.exec.BuildTreeLifecycleBui
ldActionExecutor.execute(BuildTreeLifecycleBuildAc
tionExecutor.java:58)
	at org.gradle.launcher.exec.RunAsBuildOperationBu
ildActionExecutor$3.call(RunAsBuildOperationBuildA
ctionExecutor.java:61)
	at org.gradle.launcher.exec.RunAsBuildOperationBu
ildActionExecutor$3.call(RunAsBuildOperationBuildA
ctionExecutor.java:57)
	at org.gradle.internal.operations.DefaultBuildOpe
rationRunner$CallableBuildOperationWorker.execute(
DefaultBuildOperationRunner.java:204)
	at org.gradle.internal.operations.DefaultBuildOpe
rationRunner$CallableBuildOperationWorker.execute(
DefaultBuildOperationRunner.java:199)
	at org.gradle.internal.operations.DefaultBuildOpe
rationRunner$2.execute(DefaultBuildOperationRunner
.java:66)
	at org.gradle.internal.operations.DefaultBuildOpe
rationRunner$2.execute(DefaultBuildOperationRunner
.java:59)
	at org.gradle.internal.operations.DefaultBuildOpe
rationRunner.execute(DefaultBuildOperationRunner.j
ava:157)
	at org.gradle.internal.operations.DefaultBuildOpe
rationRunner.execute(DefaultBuildOperationRunner.j
ava:59)
	at org.gradle.internal.operations.DefaultBuildOpe
rationRunner.call(DefaultBuildOperationRunner.java
:53)
	at org.gradle.internal.operations.DefaultBuildOpe
rationExecutor.call(DefaultBuildOperationExecutor.
java:73)
	at org.gradle.launcher.exec.RunAsBuildOperationBu
ildActionExecutor.execute(RunAsBuildOperationBuild
ActionExecutor.java:57)
	at org.gradle.launcher.exec.RunAsWorkerThreadBuil
dActionExecutor.lambda$execute$0(RunAsWorkerThread
BuildActionExecutor.java:36)
	at org.gradle.internal.work.DefaultWorkerLeaseSer
vice.withLocks(DefaultWorkerLeaseService.java:264)
	at org.gradle.internal.work.DefaultWorkerLeaseSer
vice.runAsWorkerThread(DefaultWorkerLeaseService.j
ava:128)
	at org.gradle.launcher.exec.RunAsWorkerThreadBuil
dActionExecutor.execute(RunAsWorkerThreadBuildActi
onExecutor.java:36)
	at org.gradle.tooling.internal.provider.continuou
s.ContinuousBuildActionExecutor.execute(Continuous
BuildActionExecutor.java:110)
	at org.gradle.tooling.internal.provider.Subscriba
bleBuildActionExecutor.execute(SubscribableBuildAc
tionExecutor.java:64)
	at org.gradle.internal.session.DefaultBuildSessio
nContext.execute(DefaultBuildSessionContext.java:4
6)
	at org.gradle.tooling.internal.provider.BuildSess
ionLifecycleBuildActionExecuter$ActionImpl.apply(B
uildSessionLifecycleBuildActionExecuter.java:92)
	at org.gradle.tooling.internal.provider.BuildSess
ionLifecycleBuildActionExecuter$ActionImpl.apply(B
uildSessionLifecycleBuildActionExecuter.java:80)
	at org.gradle.internal.session.BuildSessionState.
run(BuildSessionState.java:69)
	at org.gradle.tooling.internal.provider.BuildSess
ionLifecycleBuildActionExecuter.execute(BuildSessi
onLifecycleBuildActionExecuter.java:62)
	at org.gradle.tooling.internal.provider.BuildSess
ionLifecycleBuildActionExecuter.execute(BuildSessi
onLifecycleBuildActionExecuter.java:41)
	at org.gradle.tooling.internal.provider.StartPara
msValidatingActionExecuter.execute(StartParamsVali
datingActionExecuter.java:64)
	at org.gradle.tooling.internal.provider.StartPara
msValidatingActionExecuter.execute(StartParamsVali
datingActionExecuter.java:32)
	at org.gradle.tooling.internal.provider.SessionFa
ilureReportingActionExecuter.execute(SessionFailur
eReportingActionExecuter.java:51)
	at org.gradle.tooling.internal.provider.SessionFa
ilureReportingActionExecuter.execute(SessionFailur
eReportingActionExecuter.java:39)
	at org.gradle.tooling.internal.provider.SetupLogg
ingActionExecuter.execute(SetupLoggingActionExecut
er.java:47)
	at org.gradle.tooling.internal.provider.SetupLogg
ingActionExecuter.execute(SetupLoggingActionExecut
er.java:31)
	at org.gradle.launcher.daemon.server.exec.Execute
Build.doBuild(ExecuteBuild.java:65)
	at org.gradle.launcher.daemon.server.exec.BuildCo
mmandOnly.execute(BuildCommandOnly.java:37)
	at org.gradle.launcher.daemon.server.api.DaemonCo
mmandExecution.proceed(DaemonCommandExecution.java
:104)
	at org.gradle.launcher.daemon.server.exec.WatchFo
rDisconnection.execute(WatchForDisconnection.java:
39)
	at org.gradle.launcher.daemon.server.api.DaemonCo
mmandExecution.proceed(DaemonCommandExecution.java
:104)
	at org.gradle.launcher.daemon.server.exec.ResetDe
precationLogger.execute(ResetDeprecationLogger.jav
a:29)
	at org.gradle.launcher.daemon.server.api.DaemonCo
mmandExecution.proceed(DaemonCommandExecution.java
:104)
	at org.gradle.launcher.daemon.server.exec.Request
StopIfSingleUsedDaemon.execute(RequestStopIfSingle
UsedDaemon.java:35)
	at org.gradle.launcher.daemon.server.api.DaemonCo
mmandExecution.proceed(DaemonCommandExecution.java
:104)
	at org.gradle.launcher.daemon.server.exec.Forward
ClientInput$2.create(ForwardClientInput.java:78)
	at org.gradle.launcher.daemon.server.exec.Forward
ClientInput$2.create(ForwardClientInput.java:75)
	at org.gradle.util.internal.Swapper.swap(Swapper.
java:38)
	at org.gradle.launcher.daemon.server.exec.Forward
ClientInput.execute(ForwardClientInput.java:75)
	at org.gradle.launcher.daemon.server.api.DaemonCo
mmandExecution.proceed(DaemonCommandExecution.java
:104)
	at org.gradle.launcher.daemon.server.exec.LogAndC
heckHealth.execute(LogAndCheckHealth.java:64)
	at org.gradle.launcher.daemon.server.api.DaemonCo
mmandExecution.proceed(DaemonCommandExecution.java
:104)
	at org.gradle.launcher.daemon.server.exec.LogToCl
ient.doBuild(LogToClient.java:63)
	at org.gradle.launcher.daemon.server.exec.BuildCo
mmandOnly.execute(BuildCommandOnly.java:37)
	at org.gradle.launcher.daemon.server.api.DaemonCo
mmandExecution.proceed(DaemonCommandExecution.java
:104)
	at org.gradle.launcher.daemon.server.exec.Establi
shBuildEnvironment.doBuild(EstablishBuildEnvironme
nt.java:84)
	at org.gradle.launcher.daemon.server.exec.BuildCo
mmandOnly.execute(BuildCommandOnly.java:37)
	at org.gradle.launcher.daemon.server.api.DaemonCo
mmandExecution.proceed(DaemonCommandExecution.java
:104)
	at org.gradle.launcher.daemon.server.exec.StartBu
ildOrRespondWithBusy$1.run(StartBuildOrRespondWith
Busy.java:52)
	at org.gradle.launcher.daemon.server.DaemonStateC
oordinator$1.run(DaemonStateCoordinator.java:297)
	at org.gradle.internal.concurrent.ExecutorPolicy$
CatchAndRecordFailures.onExecute(ExecutorPolicy.ja
va:64)
	at org.gradle.internal.concurrent.AbstractManaged
Executor$1.run(AbstractManagedExecutor.java:47)

==================================================
============================

2: Task failed with an exception.
-----------
* Where:
Build file 'D:\Erl-Project\WebDAVToon\app\build.gr
adle.kts' line: 36

* What went wrong:
Script compilation error:

  Line 36:             val properties = java.util.
Properties()
                                             ^ Unr
esolved reference: util

1 error

* Try:
> Run with --debug option to get more log output.
> Run with --scan to get full insights.
> Get more help at https://help.gradle.org.

* Exception is:
ScriptCompilationException(scriptCompilationErrors
=[ScriptCompilationError(message=Unresolved refere
nce: util, location=C:\Users\CostB\.gradle\.tmp\gr
adle-kotlin-dsl-11271146386881666241.tmp\build.gra
dle.kts (36:35))])
	at org.gradle.kotlin.dsl.support.KotlinCompilerKt
.compileKotlinScriptModuleTo(KotlinCompiler.kt:190
)
	at org.gradle.kotlin.dsl.support.KotlinCompilerKt
.compileKotlinScriptToDirectory(KotlinCompiler.kt:
148)
	at org.gradle.kotlin.dsl.execution.ResidualProgra
mCompiler$compileScript$1.invoke(ResidualProgramCo
mpiler.kt:710)
	at org.gradle.kotlin.dsl.execution.ResidualProgra
mCompiler$compileScript$1.invoke(ResidualProgramCo
mpiler.kt:709)
	at org.gradle.kotlin.dsl.provider.StandardKotlinS
criptEvaluator$InterpreterHost$runCompileBuildOper
ation$1.call(KotlinScriptEvaluator.kt:183)
	at org.gradle.kotlin.dsl.provider.StandardKotlinS
criptEvaluator$InterpreterHost$runCompileBuildOper
ation$1.call(KotlinScriptEvaluator.kt:180)
	at org.gradle.internal.operations.DefaultBuildOpe
rationRunner$CallableBuildOperationWorker.execute(
DefaultBuildOperationRunner.java:204)
	at org.gradle.internal.operations.DefaultBuildOpe
rationRunner$CallableBuildOperationWorker.execute(
DefaultBuildOperationRunner.java:199)
	at org.gradle.internal.operations.DefaultBuildOpe
rationRunner$2.execute(DefaultBuildOperationRunner
.java:66)
	at org.gradle.internal.operations.DefaultBuildOpe
rationRunner$2.execute(DefaultBuildOperationRunner
.java:59)
	at org.gradle.internal.operations.DefaultBuildOpe
rationRunner.execute(DefaultBuildOperationRunner.j
ava:157)
	at org.gradle.internal.operations.DefaultBuildOpe
rationRunner.execute(DefaultBuildOperationRunner.j
ava:59)
	at org.gradle.internal.operations.DefaultBuildOpe
rationRunner.call(DefaultBuildOperationRunner.java
:53)
	at org.gradle.internal.operations.DefaultBuildOpe
rationExecutor.call(DefaultBuildOperationExecutor.
java:73)
	at org.gradle.kotlin.dsl.provider.StandardKotlinS
criptEvaluator$InterpreterHost.runCompileBuildOper
ation(KotlinScriptEvaluator.kt:180)
	at org.gradle.kotlin.dsl.execution.Interpreter$Pr
ogramHost$compileSecondStageOf$cacheDir$1$1$1$1$1.
invoke(Interpreter.kt:490)
	at org.gradle.kotlin.dsl.execution.Interpreter$Pr
ogramHost$compileSecondStageOf$cacheDir$1$1$1$1$1.
invoke(Interpreter.kt:490)
	at org.gradle.kotlin.dsl.execution.ResidualProgra
mCompiler.compileScript-C5AE47M(ResidualProgramCom
piler.kt:709)
	at org.gradle.kotlin.dsl.execution.ResidualProgra
mCompiler.compileScript-C5AE47M$default(ResidualPr
ogramCompiler.kt:702)
	at org.gradle.kotlin.dsl.execution.ResidualProgra
mCompiler.emitStage2ProgramFor(ResidualProgramComp
iler.kt:363)
	at org.gradle.kotlin.dsl.execution.Interpreter$Pr
ogramHost$compileSecondStageOf$cacheDir$1.invoke(I
nterpreter.kt:491)
	at org.gradle.kotlin.dsl.execution.Interpreter$Pr
ogramHost$compileSecondStageOf$cacheDir$1.invoke(I
nterpreter.kt:467)
	at org.gradle.kotlin.dsl.provider.CompileKotlinSc
ript.execute(KotlinScriptEvaluator.kt:411)
	at org.gradle.internal.execution.steps.ExecuteSte
p.executeInternal(ExecuteStep.java:105)
	at org.gradle.internal.execution.steps.ExecuteSte
p.access$000(ExecuteStep.java:44)
	at org.gradle.internal.execution.steps.ExecuteSte
p$1.call(ExecuteStep.java:59)
	at org.gradle.internal.execution.steps.ExecuteSte
p$1.call(ExecuteStep.java:56)
	at org.gradle.internal.operations.DefaultBuildOpe
rationRunner$CallableBuildOperationWorker.execute(
DefaultBuildOperationRunner.java:204)
	at org.gradle.internal.operations.DefaultBuildOpe
rationRunner$CallableBuildOperationWorker.execute(
DefaultBuildOperationRunner.java:199)
	at org.gradle.internal.operations.DefaultBuildOpe
rationRunner$2.execute(DefaultBuildOperationRunner
.java:66)
	at org.gradle.internal.operations.DefaultBuildOpe
rationRunner$2.execute(DefaultBuildOperationRunner
.java:59)
	at org.gradle.internal.operations.DefaultBuildOpe
rationRunner.execute(DefaultBuildOperationRunner.j
ava:157)
	at org.gradle.internal.operations.DefaultBuildOpe
rationRunner.execute(DefaultBuildOperationRunner.j
ava:59)
	at org.gradle.internal.operations.DefaultBuildOpe
rationRunner.call(DefaultBuildOperationRunner.java
:53)
	at org.gradle.internal.operations.DefaultBuildOpe
rationExecutor.call(DefaultBuildOperationExecutor.
java:73)
	at org.gradle.internal.execution.steps.ExecuteSte
p.execute(ExecuteStep.java:56)
	at org.gradle.internal.execution.steps.ExecuteSte
p.execute(ExecuteStep.java:44)
	at org.gradle.internal.execution.steps.RemovePrev
iousOutputsStep.execute(RemovePreviousOutputsStep.
java:67)
	at org.gradle.internal.execution.steps.RemovePrev
iousOutputsStep.execute(RemovePreviousOutputsStep.
java:37)
	at org.gradle.internal.execution.steps.CancelExec
utionStep.execute(CancelExecutionStep.java:41)
	at org.gradle.internal.execution.steps.TimeoutSte
p.executeWithoutTimeout(TimeoutStep.java:74)
	at org.gradle.internal.execution.steps.TimeoutSte
p.execute(TimeoutStep.java:55)
	at org.gradle.internal.execution.steps.CreateOutp
utsStep.execute(CreateOutputsStep.java:50)
	at org.gradle.internal.execution.steps.CreateOutp
utsStep.execute(CreateOutputsStep.java:28)
	at org.gradle.internal.execution.steps.CaptureSta
teAfterExecutionStep.executeDelegateBroadcastingCh
anges(CaptureStateAfterExecutionStep.java:100)
	at org.gradle.internal.execution.steps.CaptureSta
teAfterExecutionStep.execute(CaptureStateAfterExec
utionStep.java:72)
	at org.gradle.internal.execution.steps.CaptureSta
teAfterExecutionStep.execute(CaptureStateAfterExec
utionStep.java:50)
	at org.gradle.internal.execution.steps.ResolveInp
utChangesStep.execute(ResolveInputChangesStep.java
:40)
	at org.gradle.internal.execution.steps.ResolveInp
utChangesStep.execute(ResolveInputChangesStep.java
:29)
	at org.gradle.internal.execution.steps.BuildCache
Step.executeWithoutCache(BuildCacheStep.java:179)
	at org.gradle.internal.execution.steps.BuildCache
Step.lambda$execute$1(BuildCacheStep.java:70)
	at org.gradle.internal.Either$Right.fold(Either.j
ava:175)
	at org.gradle.internal.execution.caching.CachingS
tate.fold(CachingState.java:59)
	at org.gradle.internal.execution.steps.BuildCache
Step.execute(BuildCacheStep.java:68)
	at org.gradle.internal.execution.steps.BuildCache
Step.execute(BuildCacheStep.java:46)
	at org.gradle.internal.execution.steps.StoreExecu
tionStateStep.execute(StoreExecutionStateStep.java
:36)
	at org.gradle.internal.execution.steps.StoreExecu
tionStateStep.execute(StoreExecutionStateStep.java
:25)
	at org.gradle.internal.execution.steps.RecordOutp
utsStep.execute(RecordOutputsStep.java:36)
	at org.gradle.internal.execution.steps.RecordOutp
utsStep.execute(RecordOutputsStep.java:22)
	at org.gradle.internal.execution.steps.SkipUpToDa
teStep.executeBecause(SkipUpToDateStep.java:91)
	at org.gradle.internal.execution.steps.SkipUpToDa
teStep.lambda$execute$2(SkipUpToDateStep.java:55)
	at org.gradle.internal.execution.steps.SkipUpToDa
teStep.execute(SkipUpToDateStep.java:55)
	at org.gradle.internal.execution.steps.SkipUpToDa
teStep.execute(SkipUpToDateStep.java:37)
	at org.gradle.internal.execution.steps.ResolveCha
ngesStep.execute(ResolveChangesStep.java:65)
	at org.gradle.internal.execution.steps.ResolveCha
ngesStep.execute(ResolveChangesStep.java:36)
	at org.gradle.internal.execution.steps.legacy.Mar
kSnapshottingInputsFinishedStep.execute(MarkSnapsh
ottingInputsFinishedStep.java:37)
	at org.gradle.internal.execution.steps.legacy.Mar
kSnapshottingInputsFinishedStep.execute(MarkSnapsh
ottingInputsFinishedStep.java:27)
	at org.gradle.internal.execution.steps.ResolveCac
hingStateStep.execute(ResolveCachingStateStep.java
:76)
	at org.gradle.internal.execution.steps.ResolveCac
hingStateStep.execute(ResolveCachingStateStep.java
:37)
	at org.gradle.internal.execution.steps.ValidateSt
ep.execute(ValidateStep.java:108)
	at org.gradle.internal.execution.steps.ValidateSt
ep.execute(ValidateStep.java:55)
	at org.gradle.internal.execution.steps.CaptureSta
teBeforeExecutionStep.execute(CaptureStateBeforeEx
ecutionStep.java:71)
	at org.gradle.internal.execution.steps.CaptureSta
teBeforeExecutionStep.execute(CaptureStateBeforeEx
ecutionStep.java:45)
	at org.gradle.internal.execution.steps.SkipEmptyW
orkStep.executeWithNonEmptySources(SkipEmptyWorkSt
ep.java:177)
	at org.gradle.internal.execution.steps.SkipEmptyW
orkStep.execute(SkipEmptyWorkStep.java:81)
	at org.gradle.internal.execution.steps.SkipEmptyW
orkStep.execute(SkipEmptyWorkStep.java:53)
	at org.gradle.internal.execution.steps.RemoveUntr
ackedExecutionStateStep.execute(RemoveUntrackedExe
cutionStateStep.java:32)
	at org.gradle.internal.execution.steps.RemoveUntr
ackedExecutionStateStep.execute(RemoveUntrackedExe
cutionStateStep.java:21)
	at org.gradle.internal.execution.steps.legacy.Mar
kSnapshottingInputsStartedStep.execute(MarkSnapsho
ttingInputsStartedStep.java:38)
	at org.gradle.internal.execution.steps.LoadPrevio
usExecutionStateStep.execute(LoadPreviousExecution
StateStep.java:36)
	at org.gradle.internal.execution.steps.LoadPrevio
usExecutionStateStep.execute(LoadPreviousExecution
StateStep.java:23)
	at org.gradle.internal.execution.steps.CleanupSta
leOutputsStep.execute(CleanupStaleOutputsStep.java
:75)
	at org.gradle.internal.execution.steps.CleanupSta
leOutputsStep.execute(CleanupStaleOutputsStep.java
:41)
	at org.gradle.internal.execution.steps.ExecuteWor
kBuildOperationFiringStep.lambda$execute$2(Execute
WorkBuildOperationFiringStep.java:66)
	at org.gradle.internal.execution.steps.ExecuteWor
kBuildOperationFiringStep.execute(ExecuteWorkBuild
OperationFiringStep.java:66)
	at org.gradle.internal.execution.steps.ExecuteWor
kBuildOperationFiringStep.execute(ExecuteWorkBuild
OperationFiringStep.java:38)
	at org.gradle.internal.execution.steps.AssignWork
spaceStep.lambda$execute$0(AssignWorkspaceStep.jav
a:32)
	at org.gradle.internal.execution.workspace.impl.D
efaultImmutableWorkspaceProvider.lambda$withWorksp
ace$3(DefaultImmutableWorkspaceProvider.java:140)
	at org.gradle.cache.internal.LockOnDemandCrossPro
cessCacheAccess.withFileLock(LockOnDemandCrossProc
essCacheAccess.java:90)
	at org.gradle.cache.internal.DefaultCacheCoordina
tor.withFileLock(DefaultCacheCoordinator.java:219)
	at org.gradle.cache.internal.DefaultPersistentDir
ectoryStore.withFileLock(DefaultPersistentDirector
yStore.java:179)
	at org.gradle.cache.internal.DefaultCacheFactory$
ReferenceTrackingCache.withFileLock(DefaultCacheFa
ctory.java:214)
	at org.gradle.internal.execution.workspace.impl.D
efaultImmutableWorkspaceProvider.withWorkspace(Def
aultImmutableWorkspaceProvider.java:137)
	at org.gradle.kotlin.dsl.cache.KotlinDslWorkspace
Provider$subWorkspace$1.withWorkspace(KotlinDslWor
kspaceProvider.kt:63)
	at org.gradle.internal.execution.steps.AssignWork
spaceStep.execute(AssignWorkspaceStep.java:30)
	at org.gradle.internal.execution.steps.AssignWork
spaceStep.execute(AssignWorkspaceStep.java:21)
	at org.gradle.internal.execution.steps.IdentityCa
cheStep.execute(IdentityCacheStep.java:37)
	at org.gradle.internal.execution.steps.IdentityCa
cheStep.execute(IdentityCacheStep.java:27)
	at org.gradle.internal.execution.steps.IdentifySt
ep.execute(IdentifyStep.java:47)
	at org.gradle.internal.execution.steps.IdentifySt
ep.execute(IdentifyStep.java:34)
	at org.gradle.internal.execution.impl.DefaultExec
utionEngine$1.execute(DefaultExecutionEngine.java:
64)
	at org.gradle.kotlin.dsl.provider.StandardKotlinS
criptEvaluator$InterpreterHost.cachedDirFor(Kotlin
ScriptEvaluator.kt:271)
	at org.gradle.kotlin.dsl.execution.Interpreter$Pr
ogramHost.compileSecondStageOf(Interpreter.kt:467)
	at Program.loadSecondStageFor(Unknown Source)
	at org.gradle.kotlin.dsl.execution.Interpreter$Pr
ogramHost.evaluateSecondStageOf(Interpreter.kt:431
)
	at Program.execute(Unknown Source)
	at org.gradle.kotlin.dsl.execution.Interpreter$Pr
ogramHost.eval(Interpreter.kt:514)
	at org.gradle.kotlin.dsl.execution.Interpreter.ev
al(Interpreter.kt:193)
	at org.gradle.kotlin.dsl.provider.StandardKotlinS
criptEvaluator.evaluate(KotlinScriptEvaluator.kt:1
22)
	at org.gradle.kotlin.dsl.provider.KotlinScriptPlu
ginFactory$create$1.invoke(KotlinScriptPluginFacto
ry.kt:51)
	at org.gradle.kotlin.dsl.provider.KotlinScriptPlu
ginFactory$create$1.invoke(KotlinScriptPluginFacto
ry.kt:48)
	at org.gradle.kotlin.dsl.provider.KotlinScriptPlu
gin.apply(KotlinScriptPlugin.kt:35)
	at org.gradle.configuration.BuildOperationScriptP
lugin$1.run(BuildOperationScriptPlugin.java:68)
	at org.gradle.internal.operations.DefaultBuildOpe
rationRunner$1.execute(DefaultBuildOperationRunner
.java:29)
	at org.gradle.internal.operations.DefaultBuildOpe
rationRunner$1.execute(DefaultBuildOperationRunner
.java:26)
	at org.gradle.internal.operations.DefaultBuildOpe
rationRunner$2.execute(DefaultBuildOperationRunner
.java:66)
	at org.gradle.internal.operations.DefaultBuildOpe
rationRunner$2.execute(DefaultBuildOperationRunner
.java:59)
	at org.gradle.internal.operations.DefaultBuildOpe
rationRunner.execute(DefaultBuildOperationRunner.j
ava:157)
	at org.gradle.internal.operations.DefaultBuildOpe
rationRunner.execute(DefaultBuildOperationRunner.j
ava:59)
	at org.gradle.internal.operations.DefaultBuildOpe
rationRunner.run(DefaultBuildOperationRunner.java:
47)
	at org.gradle.internal.operations.DefaultBuildOpe
rationExecutor.run(DefaultBuildOperationExecutor.j
ava:68)
	at org.gradle.configuration.BuildOperationScriptP
lugin.lambda$apply$0(BuildOperationScriptPlugin.ja
va:65)
	at org.gradle.internal.code.DefaultUserCodeApplic
ationContext.apply(DefaultUserCodeApplicationConte
xt.java:43)
	at org.gradle.configuration.BuildOperationScriptP
lugin.apply(BuildOperationScriptPlugin.java:65)
	at org.gradle.api.internal.project.DefaultProject
StateRegistry$ProjectStateImpl.lambda$applyToMutab
leState$1(DefaultProjectStateRegistry.java:406)
	at org.gradle.api.internal.project.DefaultProject
StateRegistry$ProjectStateImpl.fromMutableState(De
faultProjectStateRegistry.java:424)
	at org.gradle.api.internal.project.DefaultProject
StateRegistry$ProjectStateImpl.applyToMutableState
(DefaultProjectStateRegistry.java:405)
	at org.gradle.configuration.project.BuildScriptPr
ocessor.execute(BuildScriptProcessor.java:46)
	at org.gradle.configuration.project.BuildScriptPr
ocessor.execute(BuildScriptProcessor.java:27)
	at org.gradle.configuration.project.ConfigureActi
onsProjectEvaluator.evaluate(ConfigureActionsProje
ctEvaluator.java:35)
	at org.gradle.configuration.project.LifecycleProj
ectEvaluator$EvaluateProject.lambda$run$0(Lifecycl
eProjectEvaluator.java:109)
	at org.gradle.api.internal.project.DefaultProject
StateRegistry$ProjectStateImpl.lambda$applyToMutab
leState$1(DefaultProjectStateRegistry.java:406)
	at org.gradle.api.internal.project.DefaultProject
StateRegistry$ProjectStateImpl.lambda$fromMutableS
tate$2(DefaultProjectStateRegistry.java:429)
	at org.gradle.internal.work.DefaultWorkerLeaseSer
vice.withReplacedLocks(DefaultWorkerLeaseService.j
ava:360)
	at org.gradle.api.internal.project.DefaultProject
StateRegistry$ProjectStateImpl.fromMutableState(De
faultProjectStateRegistry.java:429)
	at org.gradle.api.internal.project.DefaultProject
StateRegistry$ProjectStateImpl.applyToMutableState
(DefaultProjectStateRegistry.java:405)
	at org.gradle.configuration.project.LifecycleProj
ectEvaluator$EvaluateProject.run(LifecycleProjectE
valuator.java:100)
	at org.gradle.internal.operations.DefaultBuildOpe
rationRunner$1.execute(DefaultBuildOperationRunner
.java:29)
	at org.gradle.internal.operations.DefaultBuildOpe
rationRunner$1.execute(DefaultBuildOperationRunner
.java:26)
	at org.gradle.internal.operations.DefaultBuildOpe
rationRunner$2.execute(DefaultBuildOperationRunner
.java:66)
	at org.gradle.internal.operations.DefaultBuildOpe
rationRunner$2.execute(DefaultBuildOperationRunner
.java:59)
	at org.gradle.internal.operations.DefaultBuildOpe
rationRunner.execute(DefaultBuildOperationRunner.j
ava:157)
	at org.gradle.internal.operations.DefaultBuildOpe
rationRunner.execute(DefaultBuildOperationRunner.j
ava:59)
	at org.gradle.internal.operations.DefaultBuildOpe
rationRunner.run(DefaultBuildOperationRunner.java:
47)
	at org.gradle.internal.operations.DefaultBuildOpe
rationExecutor.run(DefaultBuildOperationExecutor.j
ava:68)
	at org.gradle.configuration.project.LifecycleProj
ectEvaluator.evaluate(LifecycleProjectEvaluator.ja
va:72)
	at org.gradle.api.internal.project.DefaultProject
.evaluate(DefaultProject.java:790)
	at org.gradle.api.internal.project.DefaultProject
.evaluate(DefaultProject.java:156)
	at org.gradle.api.internal.project.ProjectLifecyc
leController.lambda$ensureSelfConfigured$2(Project
LifecycleController.java:84)
	at org.gradle.internal.model.StateTransitionContr
oller.lambda$doTransition$14(StateTransitionContro
ller.java:255)
	at org.gradle.internal.model.StateTransitionContr
oller.doTransition(StateTransitionController.java:
266)
	at org.gradle.internal.model.StateTransitionContr
oller.doTransition(StateTransitionController.java:
254)
	at org.gradle.internal.model.StateTransitionContr
oller.lambda$maybeTransitionIfNotCurrentlyTransiti
oning$10(StateTransitionController.java:199)
	at org.gradle.internal.work.DefaultSynchronizer.w
ithLock(DefaultSynchronizer.java:34)
	at org.gradle.internal.model.StateTransitionContr
oller.maybeTransitionIfNotCurrentlyTransitioning(S
tateTransitionController.java:195)
	at org.gradle.api.internal.project.ProjectLifecyc
leController.ensureSelfConfigured(ProjectLifecycle
Controller.java:84)
	at org.gradle.api.internal.project.DefaultProject
StateRegistry$ProjectStateImpl.ensureConfigured(De
faultProjectStateRegistry.java:380)
	at org.gradle.execution.TaskPathProjectEvaluator.
configure(TaskPathProjectEvaluator.java:34)
	at org.gradle.execution.TaskPathProjectEvaluator.
configureHierarchy(TaskPathProjectEvaluator.java:5
0)
	at org.gradle.configuration.DefaultProjectsPrepar
er.prepareProjects(DefaultProjectsPreparer.java:42
)
	at org.gradle.configuration.BuildTreePreparingPro
jectsPreparer.prepareProjects(BuildTreePreparingPr
ojectsPreparer.java:65)
	at org.gradle.configuration.BuildOperationFiringP
rojectsPreparer$ConfigureBuild.run(BuildOperationF
iringProjectsPreparer.java:52)
	at org.gradle.internal.operations.DefaultBuildOpe
rationRunner$1.execute(DefaultBuildOperationRunner
.java:29)
	at org.gradle.internal.operations.DefaultBuildOpe
rationRunner$1.execute(DefaultBuildOperationRunner
.java:26)
	at org.gradle.internal.operations.DefaultBuildOpe
rationRunner$2.execute(DefaultBuildOperationRunner
.java:66)
	at org.gradle.internal.operations.DefaultBuildOpe
rationRunner$2.execute(DefaultBuildOperationRunner
.java:59)
	at org.gradle.internal.operations.DefaultBuildOpe
rationRunner.execute(DefaultBuildOperationRunner.j
ava:157)
	at org.gradle.internal.operations.DefaultBuildOpe
rationRunner.execute(DefaultBuildOperationRunner.j
ava:59)
	at org.gradle.internal.operations.DefaultBuildOpe
rationRunner.run(DefaultBuildOperationRunner.java:
47)
	at org.gradle.internal.operations.DefaultBuildOpe
rationExecutor.run(DefaultBuildOperationExecutor.j
ava:68)
	at org.gradle.configuration.BuildOperationFiringP
rojectsPreparer.prepareProjects(BuildOperationFiri
ngProjectsPreparer.java:40)
	at org.gradle.initialization.VintageBuildModelCon
troller.lambda$prepareProjects$2(VintageBuildModel
Controller.java:84)
	at org.gradle.internal.model.StateTransitionContr
oller.lambda$doTransition$14(StateTransitionContro
ller.java:255)
	at org.gradle.internal.model.StateTransitionContr
oller.doTransition(StateTransitionController.java:
266)
	at org.gradle.internal.model.StateTransitionContr
oller.doTransition(StateTransitionController.java:
254)
	at org.gradle.internal.model.StateTransitionContr
oller.lambda$transitionIfNotPreviously$11(StateTra
nsitionController.java:213)
	at org.gradle.internal.work.DefaultSynchronizer.w
ithLock(DefaultSynchronizer.java:34)
	at org.gradle.internal.model.StateTransitionContr
oller.transitionIfNotPreviously(StateTransitionCon
troller.java:209)
	at org.gradle.initialization.VintageBuildModelCon
troller.prepareProjects(VintageBuildModelControlle
r.java:84)
	at org.gradle.initialization.VintageBuildModelCon
troller.prepareToScheduleTasks(VintageBuildModelCo
ntroller.java:71)
	at org.gradle.internal.build.DefaultBuildLifecycl
eController.lambda$prepareToScheduleTasks$6(Defaul
tBuildLifecycleController.java:175)
	at org.gradle.internal.model.StateTransitionContr
oller.lambda$doTransition$14(StateTransitionContro
ller.java:255)
	at org.gradle.internal.model.StateTransitionContr
oller.doTransition(StateTransitionController.java:
266)
	at org.gradle.internal.model.StateTransitionContr
oller.doTransition(StateTransitionController.java:
254)
	at org.gradle.internal.model.StateTransitionContr
oller.lambda$maybeTransition$9(StateTransitionCont
roller.java:190)
	at org.gradle.internal.work.DefaultSynchronizer.w
ithLock(DefaultSynchronizer.java:34)
	at org.gradle.internal.model.StateTransitionContr
oller.maybeTransition(StateTransitionController.ja
va:186)
	at org.gradle.internal.build.DefaultBuildLifecycl
eController.prepareToScheduleTasks(DefaultBuildLif
ecycleController.java:173)
	at org.gradle.internal.buildtree.DefaultBuildTree
WorkPreparer.scheduleRequestedTasks(DefaultBuildTr
eeWorkPreparer.java:36)
	at org.gradle.configurationcache.VintageBuildTree
WorkController$scheduleAndRunRequestedTasks$1.appl
y(VintageBuildTreeWorkController.kt:36)
	at org.gradle.configurationcache.VintageBuildTree
WorkController$scheduleAndRunRequestedTasks$1.appl
y(VintageBuildTreeWorkController.kt:35)
	at org.gradle.composite.internal.DefaultIncludedB
uildTaskGraph.withNewWorkGraph(DefaultIncludedBuil
dTaskGraph.java:112)
	at org.gradle.configurationcache.VintageBuildTree
WorkController.scheduleAndRunRequestedTasks(Vintag
eBuildTreeWorkController.kt:35)
	at org.gradle.internal.buildtree.DefaultBuildTree
LifecycleController.lambda$scheduleAndRunTasks$1(D
efaultBuildTreeLifecycleController.java:76)
	at org.gradle.internal.buildtree.DefaultBuildTree
LifecycleController.lambda$runBuild$4(DefaultBuild
TreeLifecycleController.java:119)
	at org.gradle.internal.model.StateTransitionContr
oller.lambda$transition$6(StateTransitionControlle
r.java:169)
	at org.gradle.internal.model.StateTransitionContr
oller.doTransition(StateTransitionController.java:
266)
	at org.gradle.internal.model.StateTransitionContr
oller.lambda$transition$7(StateTransitionControlle
r.java:169)
	at org.gradle.internal.work.DefaultSynchronizer.w
ithLock(DefaultSynchronizer.java:44)
	at org.gradle.internal.model.StateTransitionContr
oller.transition(StateTransitionController.java:16
9)
	at org.gradle.internal.buildtree.DefaultBuildTree
LifecycleController.runBuild(DefaultBuildTreeLifec
ycleController.java:116)
	at org.gradle.internal.buildtree.DefaultBuildTree
LifecycleController.scheduleAndRunTasks(DefaultBui
ldTreeLifecycleController.java:76)
	at org.gradle.internal.buildtree.DefaultBuildTree
LifecycleController.scheduleAndRunTasks(DefaultBui
ldTreeLifecycleController.java:71)
	at org.gradle.tooling.internal.provider.ExecuteBu
ildActionRunner.run(ExecuteBuildActionRunner.java:
31)
	at org.gradle.launcher.exec.ChainingBuildActionRu
nner.run(ChainingBuildActionRunner.java:35)
	at org.gradle.internal.buildtree.ProblemReporting
BuildActionRunner.run(ProblemReportingBuildActionR
unner.java:49)
	at org.gradle.launcher.exec.BuildOutcomeReporting
BuildActionRunner.run(BuildOutcomeReportingBuildAc
tionRunner.java:65)
	at org.gradle.tooling.internal.provider.FileSyste
mWatchingBuildActionRunner.run(FileSystemWatchingB
uildActionRunner.java:140)
	at org.gradle.launcher.exec.BuildCompletionNotify
ingBuildActionRunner.run(BuildCompletionNotifyingB
uildActionRunner.java:41)
	at org.gradle.launcher.exec.RootBuildLifecycleBui
ldActionExecutor.lambda$execute$0(RootBuildLifecyc
leBuildActionExecutor.java:40)
	at org.gradle.composite.internal.DefaultRootBuild
State.run(DefaultRootBuildState.java:123)
	at org.gradle.launcher.exec.RootBuildLifecycleBui
ldActionExecutor.execute(RootBuildLifecycleBuildAc
tionExecutor.java:40)
	at org.gradle.internal.buildtree.InitDeprecationL
oggingActionExecutor.execute(InitDeprecationLoggin
gActionExecutor.java:62)
	at org.gradle.internal.buildtree.InitProblems.exe
cute(InitProblems.java:38)
	at org.gradle.internal.buildtree.DefaultBuildTree
Context.execute(DefaultBuildTreeContext.java:40)
	at org.gradle.launcher.exec.BuildTreeLifecycleBui
ldActionExecutor.lambda$execute$0(BuildTreeLifecyc
leBuildActionExecutor.java:58)
	at org.gradle.internal.buildtree.BuildTreeState.r
un(BuildTreeState.java:58)
	at org.gradle.launcher.exec.BuildTreeLifecycleBui
ldActionExecutor.execute(BuildTreeLifecycleBuildAc
tionExecutor.java:58)
	at org.gradle.launcher.exec.RunAsBuildOperationBu
ildActionExecutor$3.call(RunAsBuildOperationBuildA
ctionExecutor.java:61)
	at org.gradle.launcher.exec.RunAsBuildOperationBu
ildActionExecutor$3.call(RunAsBuildOperationBuildA
ctionExecutor.java:57)
	at org.gradle.internal.operations.DefaultBuildOpe
rationRunner$CallableBuildOperationWorker.execute(
DefaultBuildOperationRunner.java:204)
	at org.gradle.internal.operations.DefaultBuildOpe
rationRunner$CallableBuildOperationWorker.execute(
DefaultBuildOperationRunner.java:199)
	at org.gradle.internal.operations.DefaultBuildOpe
rationRunner$2.execute(DefaultBuildOperationRunner
.java:66)
	at org.gradle.internal.operations.DefaultBuildOpe
rationRunner$2.execute(DefaultBuildOperationRunner
.java:59)
	at org.gradle.internal.operations.DefaultBuildOpe
rationRunner.execute(DefaultBuildOperationRunner.j
ava:157)
	at org.gradle.internal.operations.DefaultBuildOpe
rationRunner.execute(DefaultBuildOperationRunner.j
ava:59)
	at org.gradle.internal.operations.DefaultBuildOpe
rationRunner.call(DefaultBuildOperationRunner.java
:53)
Watched directory hierarchies: []
	at org.gradle.internal.operations.DefaultBuildOpe
rationExecutor.call(DefaultBuildOperationExecutor.
java:73)
	at org.gradle.launcher.exec.RunAsBuildOperationBu
ildActionExecutor.execute(RunAsBuildOperationBuild
ActionExecutor.java:57)
	at org.gradle.launcher.exec.RunAsWorkerThreadBuil
dActionExecutor.lambda$execute$0(RunAsWorkerThread
BuildActionExecutor.java:36)
	at org.gradle.internal.work.DefaultWorkerLeaseSer
vice.withLocks(DefaultWorkerLeaseService.java:264)
	at org.gradle.internal.work.DefaultWorkerLeaseSer
vice.runAsWorkerThread(DefaultWorkerLeaseService.j
ava:128)
	at org.gradle.launcher.exec.RunAsWorkerThreadBuil
dActionExecutor.execute(RunAsWorkerThreadBuildActi
onExecutor.java:36)
	at org.gradle.tooling.internal.provider.continuou
s.ContinuousBuildActionExecutor.execute(Continuous
BuildActionExecutor.java:110)
	at org.gradle.tooling.internal.provider.Subscriba
bleBuildActionExecutor.execute(SubscribableBuildAc
tionExecutor.java:64)
	at org.gradle.internal.session.DefaultBuildSessio
nContext.execute(DefaultBuildSessionContext.java:4
6)
	at org.gradle.tooling.internal.provider.BuildSess
ionLifecycleBuildActionExecuter$ActionImpl.apply(B
uildSessionLifecycleBuildActionExecuter.java:92)
	at org.gradle.tooling.internal.provider.BuildSess
ionLifecycleBuildActionExecuter$ActionImpl.apply(B
uildSessionLifecycleBuildActionExecuter.java:80)
	at org.gradle.internal.session.BuildSessionState.
run(BuildSessionState.java:69)
	at org.gradle.tooling.internal.provider.BuildSess
ionLifecycleBuildActionExecuter.execute(BuildSessi
onLifecycleBuildActionExecuter.java:62)
	at org.gradle.tooling.internal.provider.BuildSess
ionLifecycleBuildActionExecuter.execute(BuildSessi
onLifecycleBuildActionExecuter.java:41)
	at org.gradle.tooling.internal.provider.StartPara
msValidatingActionExecuter.execute(StartParamsVali
datingActionExecuter.java:64)
	at org.gradle.tooling.internal.provider.StartPara
msValidatingActionExecuter.execute(StartParamsVali
datingActionExecuter.java:32)
	at org.gradle.tooling.internal.provider.SessionFa
ilureReportingActionExecuter.execute(SessionFailur
eReportingActionExecuter.java:51)
	at org.gradle.tooling.internal.provider.SessionFa
ilureReportingActionExecuter.execute(SessionFailur
eReportingActionExecuter.java:39)
	at org.gradle.tooling.internal.provider.SetupLogg
ingActionExecuter.execute(SetupLoggingActionExecut
er.java:47)
	at org.gradle.tooling.internal.provider.SetupLogg
ingActionExecuter.execute(SetupLoggingActionExecut
er.java:31)
	at org.gradle.launcher.daemon.server.exec.Execute
Build.doBuild(ExecuteBuild.java:65)
	at org.gradle.launcher.daemon.server.exec.BuildCo
mmandOnly.execute(BuildCommandOnly.java:37)
	at org.gradle.launcher.daemon.server.api.DaemonCo
mmandExecution.proceed(DaemonCommandExecution.java
:104)
	at org.gradle.launcher.daemon.server.exec.WatchFo
rDisconnection.execute(WatchForDisconnection.java:
39)
	at org.gradle.launcher.daemon.server.api.DaemonCo
mmandExecution.proceed(DaemonCommandExecution.java
:104)
	at org.gradle.launcher.daemon.server.exec.ResetDe
precationLogger.execute(ResetDeprecationLogger.jav
a:29)
	at org.gradle.launcher.daemon.server.api.DaemonCo
mmandExecution.proceed(DaemonCommandExecution.java
:104)
	at org.gradle.launcher.daemon.server.exec.Request
StopIfSingleUsedDaemon.execute(RequestStopIfSingle
UsedDaemon.java:35)
	at org.gradle.launcher.daemon.server.api.DaemonCo
mmandExecution.proceed(DaemonCommandExecution.java
:104)
	at org.gradle.launcher.daemon.server.exec.Forward
ClientInput$2.create(ForwardClientInput.java:78)
	at org.gradle.launcher.daemon.server.exec.Forward
ClientInput$2.create(ForwardClientInput.java:75)
	at org.gradle.util.internal.Swapper.swap(Swapper.
java:38)
	at org.gradle.launcher.daemon.server.exec.Forward
ClientInput.execute(ForwardClientInput.java:75)
	at org.gradle.launcher.daemon.server.api.DaemonCo
mmandExecution.proceed(DaemonCommandExecution.java
:104)
	at org.gradle.launcher.daemon.server.exec.LogAndC
heckHealth.execute(LogAndCheckHealth.java:64)
	at org.gradle.launcher.daemon.server.api.DaemonCo
mmandExecution.proceed(DaemonCommandExecution.java
:104)
	at org.gradle.launcher.daemon.server.exec.LogToCl
ient.doBuild(LogToClient.java:63)
	at org.gradle.launcher.daemon.server.exec.BuildCo
mmandOnly.execute(BuildCommandOnly.java:37)
	at org.gradle.launcher.daemon.server.api.DaemonCo
mmandExecution.proceed(DaemonCommandExecution.java
:104)
	at org.gradle.launcher.daemon.server.exec.Establi
shBuildEnvironment.doBuild(EstablishBuildEnvironme
nt.java:84)
	at org.gradle.launcher.daemon.server.exec.BuildCo
mmandOnly.execute(BuildCommandOnly.java:37)
	at org.gradle.launcher.daemon.server.api.DaemonCo
mmandExecution.proceed(DaemonCommandExecution.java
:104)
	at org.gradle.launcher.daemon.server.exec.StartBu
ildOrRespondWithBusy$1.run(StartBuildOrRespondWith
Busy.java:52)
	at org.gradle.launcher.daemon.server.DaemonStateC
oordinator$1.run(DaemonStateCoordinator.java:297)
	at org.gradle.internal.concurrent.ExecutorPolicy$
CatchAndRecordFailures.onExecute(ExecutorPolicy.ja
va:64)
	at org.gradle.internal.concurrent.AbstractManaged
Executor$1.run(AbstractManagedExecutor.java:47)

==================================================
============================

BUILD FAILED in 1s
