01-19 20:48:51.272  1549  6112 W ServiceManagerCppClient: Waited one second for stats (is service started? Number of threads started in the threadpool: 17. Are binder threads started and available?)
01-19 20:48:51.276  1921  2286 W ServiceManagerCppClient: Waited one second for stats (is service started? Number of threads started in the threadpool: 32. Are binder threads started and available?)
01-19 20:48:51.279  2473  2473 I Choreographer: Skipped 31 frames!  The application may be doing too much work on its main thread.
01-19 20:48:51.279   777  8468 I android.system.suspend-service: Unknown/empty wakeup reason. Re-opening wakeup_reason file.
01-19 20:48:53.730  2473  2473 I Choreographer: Skipped 32 frames!  The application may be doing too much work on its main thread.
01-19 20:48:53.737   777  8468 I android.system.suspend-service: Unknown/empty wakeup reason. Re-opening wakeup_reason file.
01-19 20:48:54.131  2473  2473 I Choreographer: Skipped 30 frames!  The application may be doing too much work on its main thread.
01-19 20:48:54.142   777  8468 I android.system.suspend-service: Unknown/empty wakeup reason. Re-opening wakeup_reason file.
01-19 20:48:54.561  1357  2831 W ServiceManagerCppClient: Waited one second for stats (is service started? Number of threads started in the threadpool: 6. Are binder threads started and available?)
01-19 20:48:54.561  1549  6112 W ServiceManagerCppClient: Waited one second for stats (is service started? Number of threads started in the threadpool: 17. Are binder threads started and available?)
01-19 20:48:54.562  2473  2473 I Choreographer: Skipped 31 frames!  The application may be doing too much work on its main thread.
01-19 20:48:54.565  1921  2286 W ServiceManagerCppClient: Waited one second for stats (is service started? Number of threads started in the threadpool: 32. Are binder threads started and available?)
01-19 20:48:54.569   777  8468 I android.system.suspend-service: Unknown/empty wakeup reason. Re-opening wakeup_reason file.
01-19 20:48:54.959  2473  2473 I Choreographer: Skipped 31 frames!  The application may be doing too much work on its main thread.
01-19 20:48:54.966   777  8468 I android.system.suspend-service: Unknown/empty wakeup reason. Re-opening wakeup_reason file.
01-19 20:48:55.891  2473  2473 I Choreographer: Skipped 34 frames!  The application may be doing too much work on its main thread.
01-19 20:48:55.898   777  8468 I android.system.suspend-service: Unknown/empty wakeup reason. Re-opening wakeup_reason file.
01-19 20:48:55.899 19335 19366 I Finsky  : [74] AIM: AppInfoManager-Perf > Destroying AppInfoManager ...
01-19 20:48:56.821  1357  2831 W ServiceManagerCppClient: Waited one second for stats (is service started? Number of threads started in the threadpool: 6. Are binder threads started and available?)
01-19 20:48:56.823  2473  2473 I Choreographer: Skipped 34 frames!  The application may be doing too much work on its main thread.
01-19 20:48:56.823  1549  6112 W ServiceManagerCppClient: Waited one second for stats (is service started? Number of threads started in the threadpool: 17. Are binder threads started and available?)
01-19 20:48:56.827  1921  2286 W ServiceManagerCppClient: Waited one second for stats (is service started? Number of threads started in the threadpool: 32. Are binder threads started and available?)
01-19 20:48:56.829   777  8468 I android.system.suspend-service: Unknown/empty wakeup reason. Re-opening wakeup_reason file.
01-19 20:48:58.051  2473  2473 I Choreographer: Skipped 35 frames!  The application may be doing too much work on its main thread.
01-19 20:48:58.059   777  8468 I android.system.suspend-service: Unknown/empty wakeup reason. Re-opening wakeup_reason file.
01-19 20:48:58.643  1357  2831 W ServiceManagerCppClient: Waited one second for stats (is service started? Number of threads started in the threadpool: 6. Are binder threads started and available?)
01-19 20:48:58.645  1549  6112 W ServiceManagerCppClient: Waited one second for stats (is service started? Number of threads started in the threadpool: 17. Are binder threads started and available?)
01-19 20:48:58.648  1921  2286 W ServiceManagerCppClient: Waited one second for stats (is service started? Number of threads started in the threadpool: 32. Are binder threads started and available?)
01-19 20:48:59.643  1357  2831 W ServiceManagerCppClient: Waited one second for stats (is service started? Number of threads started in the threadpool: 6. Are binder threads started and available?)
01-19 20:48:59.646  1549  6112 W ServiceManagerCppClient: Waited one second for stats (is service started? Number of threads started in the threadpool: 17. Are binder threads started and available?)
01-19 20:48:59.649  1921  2286 W ServiceManagerCppClient: Waited one second for stats (is service started? Number of threads started in the threadpool: 32. Are binder threads started and available?)
01-19 20:49:00.711  2473  2473 I Choreographer: Skipped 31 frames!  The application may be doing too much work on its main thread.
01-19 20:49:00.717   777  8468 I android.system.suspend-service: Unknown/empty wakeup reason. Re-opening wakeup_reason file.
01-19 20:49:00.780  1357  2831 W ServiceManagerCppClient: Waited one second for stats (is service started? Number of threads started in the threadpool: 6. Are binder threads started and available?)
01-19 20:49:00.783  1549  6112 W ServiceManagerCppClient: Waited one second for stats (is service started? Number of threads started in the threadpool: 17. Are binder threads started and available?)
01-19 20:49:00.786  1921  2286 W ServiceManagerCppClient: Waited one second for stats (is service started? Number of threads started in the threadpool: 32. Are binder threads started and available?)
01-19 20:49:01.209  2473  2473 I Choreographer: Skipped 33 frames!  The application may be doing too much work on its main thread.
01-19 20:49:01.217   777  8468 I android.system.suspend-service: Unknown/empty wakeup reason. Re-opening wakeup_reason file.
01-19 20:49:02.838  2473  2473 I Choreographer: Skipped 31 frames!  The application may be doing too much work on its main thread.
01-19 20:49:02.842   777  8468 I android.system.suspend-service: Unknown/empty wakeup reason. Re-opening wakeup_reason file.
01-19 20:49:03.471  2473  2473 I Choreographer: Skipped 32 frames!  The application may be doing too much work on its main thread.
01-19 20:49:03.475  1921  2286 W ServiceManagerCppClient: Waited one second for stats (is service started? Number of threads started in the threadpool: 32. Are binder threads started and available?)
01-19 20:49:03.478  1357  2831 W ServiceManagerCppClient: Waited one second for stats (is service started? Number of threads started in the threadpool: 6. Are binder threads started and available?)
01-19 20:49:03.478  1549  6112 W ServiceManagerCppClient: Waited one second for stats (is service started? Number of threads started in the threadpool: 17. Are binder threads started and available?)
01-19 20:49:03.479   777  8468 I android.system.suspend-service: Unknown/empty wakeup reason. Re-opening wakeup_reason file.
01-19 20:49:03.867  2473  2473 I Choreographer: Skipped 31 frames!  The application may be doing too much work on its main thread.
01-19 20:49:03.874   777  8468 I android.system.suspend-service: Unknown/empty wakeup reason. Re-opening wakeup_reason file.
01-19 20:49:05.231  2473  2473 I Choreographer: Skipped 35 frames!  The application may be doing too much work on its main thread.
01-19 20:49:05.239   777  8468 I android.system.suspend-service: Unknown/empty wakeup reason. Re-opening wakeup_reason file.
01-19 20:49:05.829  1357  2831 W ServiceManagerCppClient: Waited one second for stats (is service started? Number of threads started in the threadpool: 6. Are binder threads started and available?)
01-19 20:49:05.829  1549  6112 W ServiceManagerCppClient: Waited one second for stats (is service started? Number of threads started in the threadpool: 17. Are binder threads started and available?)
01-19 20:49:05.834  1921  2286 W ServiceManagerCppClient: Waited one second for stats (is service started? Number of threads started in the threadpool: 32. Are binder threads started and available?)
01-19 20:49:05.835  2473  2473 I Choreographer: Skipped 34 frames!  The application may be doing too much work on its main thread.
01-19 20:49:05.838   777  8468 I android.system.suspend-service: Unknown/empty wakeup reason. Re-opening wakeup_reason file.
01-19 20:49:07.059  2473  2473 I Choreographer: Skipped 33 frames!  The application may be doing too much work on its main thread.
01-19 20:49:07.063   777  8468 I android.system.suspend-service: Unknown/empty wakeup reason. Re-opening wakeup_reason file.
01-19 20:49:08.985  2473  2473 I Choreographer: Skipped 30 frames!  The application may be doing too much work on its main thread.
01-19 20:49:08.994   777  8468 I android.system.suspend-service: Unknown/empty wakeup reason. Re-opening wakeup_reason file.
01-19 20:49:09.913  1357  2831 W ServiceManagerCppClient: Waited one second for stats (is service started? Number of threads started in the threadpool: 6. Are binder threads started and available?)
01-19 20:49:09.914  1549  6112 W ServiceManagerCppClient: Waited one second for stats (is service started? Number of threads started in the threadpool: 17. Are binder threads started and available?)
01-19 20:49:09.917  2473  2473 I Choreographer: Skipped 33 frames!  The application may be doing too much work on its main thread.
01-19 20:49:09.922  1921  2286 W ServiceManagerCppClient: Waited one second for stats (is service started? Number of threads started in the threadpool: 32. Are binder threads started and available?)
01-19 20:49:09.923   777  8468 I android.system.suspend-service: Unknown/empty wakeup reason. Re-opening wakeup_reason file.
01-19 20:49:10.413  2473  2473 I Choreographer: Skipped 30 frames!  The application may be doing too much work on its main thread.
01-19 20:49:10.419   777  8468 I android.system.suspend-service: Unknown/empty wakeup reason. Re-opening wakeup_reason file.
01-19 20:49:10.847  2473  2473 I Choreographer: Skipped 33 frames!  The application may be doing too much work on its main thread.
01-19 20:49:10.856   777  8468 I android.system.suspend-service: Unknown/empty wakeup reason. Re-opening wakeup_reason file.
01-19 20:49:11.875  1357  2831 W ServiceManagerCppClient: Waited one second for stats (is service started? Number of threads started in the threadpool: 6. Are binder threads started and available?)
01-19 20:49:11.876  2473  2473 I Choreographer: Skipped 34 frames!  The application may be doing too much work on its main thread.
01-19 20:49:11.876  1549  6112 W ServiceManagerCppClient: Waited one second for stats (is service started? Number of threads started in the threadpool: 17. Are binder threads started and available?)
01-19 20:49:11.880  1921  2286 W ServiceManagerCppClient: Waited one second for stats (is service started? Number of threads started in the threadpool: 32. Are binder threads started and available?)
01-19 20:49:11.884   777  8468 I android.system.suspend-service: Unknown/empty wakeup reason. Re-opening wakeup_reason file.
01-19 20:49:12.274  2473  2473 I Choreographer: Skipped 34 frames!  The application may be doing too much work on its main thread.
01-19 20:49:12.773  2473  2473 I Choreographer: Skipped 31 frames!  The application may be doing too much work on its main thread.
01-19 20:49:12.781   777  8468 I android.system.suspend-service: Unknown/empty wakeup reason. Re-opening wakeup_reason file.
01-19 20:49:13.202  2473  2473 I Choreographer: Skipped 33 frames!  The application may be doing too much work on its main thread.
01-19 20:49:13.202  1549  6112 W ServiceManagerCppClient: Waited one second for stats (is service started? Number of threads started in the threadpool: 17. Are binder threads started and available?)
01-19 20:49:13.203  1357  2831 W ServiceManagerCppClient: Waited one second for stats (is service started? Number of threads started in the threadpool: 6. Are binder threads started and available?)
01-19 20:49:13.207  1921  2286 W ServiceManagerCppClient: Waited one second for stats (is service started? Number of threads started in the threadpool: 32. Are binder threads started and available?)
01-19 20:49:13.210   777  8468 I android.system.suspend-service: Unknown/empty wakeup reason. Re-opening wakeup_reason file.
01-19 20:49:13.910   777  8468 I android.system.suspend-service: Unknown/empty wakeup reason. Re-opening wakeup_reason file.
01-19 20:49:13.911  2473  2473 I Choreographer: Skipped 33 frames!  The application may be doing too much work on its main thread.
01-19 20:49:14.334  2473  2473 I Choreographer: Skipped 33 frames!  The application may be doing too much work on its main thread.
01-19 20:49:14.342   777  8468 I android.system.suspend-service: Unknown/empty wakeup reason. Re-opening wakeup_reason file.
01-19 20:49:15.030  1357  2831 W ServiceManagerCppClient: Waited one second for stats (is service started? Number of threads started in the threadpool: 6. Are binder threads started and available?)
01-19 20:49:15.031  1549  6112 W ServiceManagerCppClient: Waited one second for stats (is service started? Number of threads started in the threadpool: 17. Are binder threads started and available?)
01-19 20:49:15.034  1921  2286 W ServiceManagerCppClient: Waited one second for stats (is service started? Number of threads started in the threadpool: 32. Are binder threads started and available?)
01-19 20:49:15.035  2473  2473 I Choreographer: Skipped 32 frames!  The application may be doing too much work on its main thread.
01-19 20:49:15.038   777  8468 I android.system.suspend-service: Unknown/empty wakeup reason. Re-opening wakeup_reason file.
01-19 20:49:16.263  2473  2473 I Choreographer: Skipped 32 frames!  The application may be doing too much work on its main thread.
01-19 20:49:16.275   777  8468 I android.system.suspend-service: Unknown/empty wakeup reason. Re-opening wakeup_reason file.
01-19 20:49:16.276  2673  2673 D QtiCarrierConfigHelper: WARNING, no carrier configs on phone Id: 0
01-19 20:49:16.276  2673  2673 D QtiCarrierConfigHelper: WARNING, no carrier configs on phone Id: 1
01-19 20:49:16.277  1921  1921 D LoadedApk: Receiver not registered: com.android.server.UiModeManagerService$8@8961eb5
01-19 20:49:16.284  1921  2318 D BackgroundInstallControlService: Package event received: 0
01-19 20:49:16.287 19700 19700 D BatteryUsageBroadcastReceiver: onReceive:android.intent.action.BATTERY_LEVEL_CHANGED
01-19 20:49:16.295 19700 19700 D BatteryUsageBroadcastReceiver: fetch data because of event: ACTION_BATTERY_LEVEL_CHANGED
01-19 20:49:17.890  1364  1782 W HWComposer: Ignoring duplicate VSYNC event from HWC for display 4630947194340276609 (t=3773882519000)
01-19 20:49:17.891  1364  1782 W HWComposer: Ignoring duplicate VSYNC event from HWC for display 4630947194340276609 (t=3773882519000)
01-19 20:49:17.891  2473  2473 I Choreographer: Skipped 35 frames!  The application may be doing too much work on its main thread.
01-19 20:49:17.896   777  8468 I android.system.suspend-service: Unknown/empty wakeup reason. Re-opening wakeup_reason file.
01-19 20:49:17.914  1364  1782 W HWComposer: Ignoring duplicate VSYNC event from HWC for display 4630947194340276609 (t=3774200624000)
01-19 20:49:17.947  1364  1782 W HWComposer: Ignoring duplicate VSYNC event from HWC for display 4630947194340276609 (t=3774233826000)
01-19 20:49:19.020  1357  2831 W ServiceManagerCppClient: Waited one second for stats (is service started? Number of threads started in the threadpool: 6. Are binder threads started and available?)
01-19 20:49:19.020  1549  6112 W ServiceManagerCppClient: Waited one second for stats (is service started? Number of threads started in the threadpool: 17. Are binder threads started and available?)
01-19 20:49:19.021  2473  2473 I Choreographer: Skipped 31 frames!  The application may be doing too much work on its main thread.
01-19 20:49:19.024  1921  2286 W ServiceManagerCppClient: Waited one second for stats (is service started? Number of threads started in the threadpool: 32. Are binder threads started and available?)
01-19 20:49:19.027   777  8468 I android.system.suspend-service: Unknown/empty wakeup reason. Re-opening wakeup_reason file.
01-19 20:49:19.553  2473  2473 I Choreographer: Skipped 32 frames!  The application may be doing too much work on its main thread.
01-19 20:49:19.562   777  8468 I android.system.suspend-service: Unknown/empty wakeup reason. Re-opening wakeup_reason file.
01-19 20:49:20.385  2473  2473 I Choreographer: Skipped 34 frames!  The application may be doing too much work on its main thread.
01-19 20:49:20.393   777  8468 I android.system.suspend-service: Unknown/empty wakeup reason. Re-opening wakeup_reason file.
01-19 20:49:22.111  1357  2831 W ServiceManagerCppClient: Waited one second for stats (is service started? Number of threads started in the threadpool: 6. Are binder threads started and available?)
01-19 20:49:22.111  2473  2473 I Choreographer: Skipped 33 frames!  The application may be doing too much work on its main thread.
01-19 20:49:22.112  1549  6112 W ServiceManagerCppClient: Waited one second for stats (is service started? Number of threads started in the threadpool: 17. Are binder threads started and available?)
01-19 20:49:22.116  1921  2286 W ServiceManagerCppClient: Waited one second for stats (is service started? Number of threads started in the threadpool: 32. Are binder threads started and available?)
01-19 20:49:22.121   777  8468 I android.system.suspend-service: Unknown/empty wakeup reason. Re-opening wakeup_reason file.
01-19 20:49:22.510  2473  2473 I Choreographer: Skipped 33 frames!  The application may be doing too much work on its main thread.
01-19 20:49:22.517   777  8468 I android.system.suspend-service: Unknown/empty wakeup reason. Re-opening wakeup_reason file.
01-19 20:49:23.051  2473  2473 I Choreographer: Skipped 37 frames!  The application may be doing too much work on its main thread.
01-19 20:49:23.053   777  8468 I android.system.suspend-service: Unknown/empty wakeup reason. Re-opening wakeup_reason file.
01-19 20:49:23.129  1357  2831 W ServiceManagerCppClient: Waited one second for stats (is service started? Number of threads started in the threadpool: 6. Are binder threads started and available?)
01-19 20:49:23.130  1549  6112 W ServiceManagerCppClient: Waited one second for stats (is service started? Number of threads started in the threadpool: 17. Are binder threads started and available?)
01-19 20:49:23.134  1921  2286 W ServiceManagerCppClient: Waited one second for stats (is service started? Number of threads started in the threadpool: 32. Are binder threads started and available?)
01-19 20:49:23.774  2473  2473 I Choreographer: Skipped 32 frames!  The application may be doing too much work on its main thread.
01-19 20:49:23.783   777  8468 I android.system.suspend-service: Unknown/empty wakeup reason. Re-opening wakeup_reason file.
01-19 20:49:24.243   777  8468 I android.system.suspend-service: Unknown/empty wakeup reason. Re-opening wakeup_reason file.
01-19 20:49:24.605  1357  2831 W ServiceManagerCppClient: Waited one second for stats (is service started? Number of threads started in the threadpool: 6. Are binder threads started and available?)
01-19 20:49:24.605  1549  6112 W ServiceManagerCppClient: Waited one second for stats (is service started? Number of threads started in the threadpool: 17. Are binder threads started and available?)
01-19 20:49:24.612  1921  2286 W ServiceManagerCppClient: Waited one second for stats (is service started? Number of threads started in the threadpool: 32. Are binder threads started and available?)
01-19 20:49:24.613  2473  2473 I Choreographer: Skipped 31 frames!  The application may be doing too much work on its main thread.
